app/admin/page.tsx(182,52): error TS2339: Property 'read' does not exist on type 'ContactMessage'.
